[10:44] 完成：编译归档 0031-20260909-playerWCY（app）
[10:44] 完成：v1.7.0 Android 首版——macOS 归档 0031、Android apk 归档 0032，真机验证通过
[10:46] 进行：Android 反转按钮图标改为上下箭头
[10:47] 完成：反转按钮图标改上下箭头，已装机验证
[10:48] 进行：SAF 探针——Android 文件选择/列目录/播放/重启持久化链路验证
[12:25] 进行：建立 docs/PLAN.md 计划文档机制并写入编程规则
[12:27] 完成：PLAN.md 计划机制建立并写入编程规则
[12:32] 完成：SAF 探针全部完成（CDP 自动化验证），方案判定 A；gitignore 修复 Android 源码目录被忽略
[12:34] 进行：方案A正式接入——Kotlin MediaServer(NanoHTTPD)+SAF库(localStorage)+前端平台分支
[13:21] 完成：v1.7.1 方案A正式接入——归档 0033，CDP 验证播放成功
[13:23] 完成：Android 列表名称排序修复，CDP 验证升序正确
[13:31] 完成：Android UI 优化 A1-A5，CDP 验证全部通过
[13:34] 进行：Android UI 优化 B1-B5
[13:37] 完成：Android UI 优化 B1-B5，CDP 验证全部通过（控制栏高度 68px 单排）
[13:40] 完成：控制栏左右边距 30px 避让曲面弧度
[13:45] 进行：Android UI 优化 C1-C4
[13:47] 完成：Android UI 优化 C1-C4，CDP 验证全部通过
[13:53] 进行：Android UI 优化 D1-D3（删除按钮文案/未选隐藏/勾选框位置层级）
[13:55] 完成：D1-D3 勾选与删除交互优化，CDP 验证通过
[14:00] 完成：E1 取消按钮 60[14:00] 完成：E1 取消按钮收窄至原60% + sel-bar 高度紧凑化，CDP 验证通过
