2026-09-01 开发日志（playerWCY）
规则：任何更改前先写"进行"，完成后改"完成"；每天一个文件，追加到最后。
================================================================================

[15:02] 完成：新增四种播放模式（列表循环/单集循环/播完暂停/播完下集）+ 建立 log 工作流
[15:00] 完成：编译归档 0003-20260901-playerWCY（app）
[16:10] 完成：音量条与系统音量双向同步（CoreAudio 监听）+ 倍速调整记忆
[15:09] 完成：编译归档 0004-20260901-playerWCY（app）
[16:40] 完成：全部按钮图标由 emoji 改为线条风格 SVG（快进/快退/音量/播放/暂停/模式/文件夹）；修复并行编辑同文件导致的部分修改丢失（index.html/player.js/README，已串行重做并验证）
[15:15] 完成：编译归档 0005-20260901-playerWCY（app）
[17:20] 完成：修复 player.js 三处丢失的修改（listen 导入 / ended 播放模式逻辑 / loadedmetadata 续播），整体重写并全文核验，编译归档 0006
[15:40] 完成：编译归档 0006-20260901-playerWCY（app）
[18:00] 完成：修复审查问题4-9（关窗进度丢失/文档一致性/静默吞错/百分比clamp/目录读取错误传播/排序注释）+ Rust 单测 5 项全过，编译归档 0007
[15:51] 完成：编译归档 0007-20260901-playerWCY（app）
[19:00] 进行：上传 GitHub（公开仓库 + MIT + copyright=GitHub 账号）
[20:10] 完成：应用图标改版（白底黑框+黑色线条播放三角，2048 超采样），编译归档 0008
[16:00] 完成：编译归档 0008-20260901-playerWCY（app）
[21:00] 完成：修复点 X 无法关窗（destroy 缺权限）；改为关窗隐藏不退应用，Dock 点击恢复窗口，编译归档 0009
[16:07] 完成：编译归档 0009-20260901-playerWCY（app）
[21:30] 进行：GitHub 推送（HTTPS 被网络阻断，改 SSH 通道，等用户添加公钥）
[22:00] 进行：版本号升级 1.0.0 + 编译归档 + GitHub 推送
[16:43] 完成：编译归档 0010-20260901-playerWCY（app）
[23:00] 完成：文件夹历史/删除记录/分组折叠三功能（folders 表+迁移+7 项 Rust 单测全过），编译归档 0011，git 提交 8f3e1cb（待推送）
[00:30] 完成：修复双击当前视频重置进度 + 进度条首次点击被 timeupdate 回写覆盖，编译归档 0012，git 提交 7993ec7（待推送）
[01:00] 完成：音量监听改用 VirtualMasterVolume（系统快捷键真正调节的属性），声道值兜底，编译归档 0013，git 提交 a84d1f6（待推送）
[02:00] 完成：音量监听支持输出设备切换（默认设备变化自动重绑+推送新音量），编译归档 0014，git 提交 064d871（待推送）
[03:00] 完成：侧栏收起/展开按钮（悬停放大移开缩小，状态记忆），编译归档 0015，git 提交 c5eac9d（待推送）
[04:00] 完成：修复收起按钮悬停放大被视频层遮挡（transform 改实际尺寸放大+z-index 100），编译归档 0016，git 提交 ed2e6a1（待推送）
[05:00] 进行：修复窗口空间不足时控制栏按钮（播放/快进等）被挤出可视区（flex min-height 布局缺陷）
